Using profile workflow/slurm_profile/ for setting default command line arguments.
Building DAG of jobs...
Using shell: /usr/bin/bash
Provided cluster nodes: 100
Job stats:
job                 count
----------------  -------
all                     1
cluster_and_plot       20
mus_homo_hammock       20
total                  41

Select jobs to execute...

[Thu May 14 20:57:08 2026]
rule mus_homo_hammock:
    input: /vast/blangme2/jbonnie/hammock/mus-homo/results/fasta_lists/all.txt
    output: /vast/blangme2/jbonnie/hammock/mus-homo/results/k5_w30/mus_homo_mnmzr_p24_jaccD_k5_w30.csv
    log: /vast/blangme2/jbonnie/hammock/mus-homo/results/logs/hammock/k5_w30.log
    jobid: 33
    reason: Missing output files: /vast/blangme2/jbonnie/hammock/mus-homo/results/k5_w30/mus_homo_mnmzr_p24_jaccD_k5_w30.csv
    wildcards: k=5, w=30
    threads: 8
    resources: mem_mb=16000, mem_mib=15259, disk_mb=1000, disk_mib=954, tmpdir=<TBD>, slurm_partition=parallel, slurm_account=blangme2_scal, runtime=720, cpus_per_task=1


        hammock /vast/blangme2/jbonnie/hammock/mus-homo/results/fasta_lists/all.txt /vast/blangme2/jbonnie/hammock/mus-homo/results/fasta_lists/all.txt             --mode D             --outprefix /vast/blangme2/jbonnie/hammock/mus-homo/results/k5_w30/mus_homo             -k 5             -w 30             --precision 24             --full-paths             2>/vast/blangme2/jbonnie/hammock/mus-homo/results/logs/hammock/k5_w30.log
        
Submitted job 33 with external jobid 'Submitted batch job 24414524'.

[Thu May 14 20:57:08 2026]
rule mus_homo_hammock:
    input: /vast/blangme2/jbonnie/hammock/mus-homo/results/fasta_lists/all.txt
    output: /vast/blangme2/jbonnie/hammock/mus-homo/results/k8_w20/mus_homo_mnmzr_p24_jaccD_k8_w20.csv
    log: /vast/blangme2/jbonnie/hammock/mus-homo/results/logs/hammock/k8_w20.log
    jobid: 41
    reason: Missing output files: /vast/blangme2/jbonnie/hammock/mus-homo/results/k8_w20/mus_homo_mnmzr_p24_jaccD_k8_w20.csv
    wildcards: k=8, w=20
    threads: 8
    resources: mem_mb=16000, mem_mib=15259, disk_mb=1000, disk_mib=954, tmpdir=<TBD>, slurm_partition=parallel, slurm_account=blangme2_scal, runtime=720, cpus_per_task=1


        hammock /vast/blangme2/jbonnie/hammock/mus-homo/results/fasta_lists/all.txt /vast/blangme2/jbonnie/hammock/mus-homo/results/fasta_lists/all.txt             --mode D             --outprefix /vast/blangme2/jbonnie/hammock/mus-homo/results/k8_w20/mus_homo             -k 8             -w 20             --precision 24             --full-paths             2>/vast/blangme2/jbonnie/hammock/mus-homo/results/logs/hammock/k8_w20.log
        
Submitted job 41 with external jobid 'Submitted batch job 24414525'.

[Thu May 14 20:57:08 2026]
rule mus_homo_hammock:
    input: /vast/blangme2/jbonnie/hammock/mus-homo/results/fasta_lists/all.txt
    output: /vast/blangme2/jbonnie/hammock/mus-homo/results/k10_w20/mus_homo_mnmzr_p24_jaccD_k10_w20.csv
    log: /vast/blangme2/jbonnie/hammock/mus-homo/results/logs/hammock/k10_w20.log
    jobid: 49
    reason: Missing output files: /vast/blangme2/jbonnie/hammock/mus-homo/results/k10_w20/mus_homo_mnmzr_p24_jaccD_k10_w20.csv
    wildcards: k=10, w=20
    threads: 8
    resources: mem_mb=16000, mem_mib=15259, disk_mb=1000, disk_mib=954, tmpdir=<TBD>, slurm_partition=parallel, slurm_account=blangme2_scal, runtime=720, cpus_per_task=1


        hammock /vast/blangme2/jbonnie/hammock/mus-homo/results/fasta_lists/all.txt /vast/blangme2/jbonnie/hammock/mus-homo/results/fasta_lists/all.txt             --mode D             --outprefix /vast/blangme2/jbonnie/hammock/mus-homo/results/k10_w20/mus_homo             -k 10             -w 20             --precision 24             --full-paths             2>/vast/blangme2/jbonnie/hammock/mus-homo/results/logs/hammock/k10_w20.log
        
Submitted job 49 with external jobid 'Submitted batch job 24414526'.

[Thu May 14 20:57:08 2026]
rule mus_homo_hammock:
    input: /vast/blangme2/jbonnie/hammock/mus-homo/results/fasta_lists/all.txt
    output: /vast/blangme2/jbonnie/hammock/mus-homo/results/k15_w30/mus_homo_mnmzr_p24_jaccD_k15_w30.csv
    log: /vast/blangme2/jbonnie/hammock/mus-homo/results/logs/hammock/k15_w30.log
    jobid: 57
    reason: Missing output files: /vast/blangme2/jbonnie/hammock/mus-homo/results/k15_w30/mus_homo_mnmzr_p24_jaccD_k15_w30.csv
    wildcards: k=15, w=30
    threads: 8
    resources: mem_mb=16000, mem_mib=15259, disk_mb=1000, disk_mib=954, tmpdir=<TBD>, slurm_partition=parallel, slurm_account=blangme2_scal, runtime=720, cpus_per_task=1


        hammock /vast/blangme2/jbonnie/hammock/mus-homo/results/fasta_lists/all.txt /vast/blangme2/jbonnie/hammock/mus-homo/results/fasta_lists/all.txt             --mode D             --outprefix /vast/blangme2/jbonnie/hammock/mus-homo/results/k15_w30/mus_homo             -k 15             -w 30             --precision 24             --full-paths             2>/vast/blangme2/jbonnie/hammock/mus-homo/results/logs/hammock/k15_w30.log
        
Submitted job 57 with external jobid 'Submitted batch job 24414527'.

[Thu May 14 20:57:08 2026]
rule mus_homo_hammock:
    input: /vast/blangme2/jbonnie/hammock/mus-homo/results/fasta_lists/all.txt
    output: /vast/blangme2/jbonnie/hammock/mus-homo/results/k5_w10/mus_homo_mnmzr_p24_jaccD_k5_w10.csv
    log: /vast/blangme2/jbonnie/hammock/mus-homo/results/logs/hammock/k5_w10.log
    jobid: 27
    reason: Missing output files: /vast/blangme2/jbonnie/hammock/mus-homo/results/k5_w10/mus_homo_mnmzr_p24_jaccD_k5_w10.csv
    wildcards: k=5, w=10
    threads: 8
    resources: mem_mb=16000, mem_mib=15259, disk_mb=1000, disk_mib=954, tmpdir=<TBD>, slurm_partition=parallel, slurm_account=blangme2_scal, runtime=720, cpus_per_task=1


        hammock /vast/blangme2/jbonnie/hammock/mus-homo/results/fasta_lists/all.txt /vast/blangme2/jbonnie/hammock/mus-homo/results/fasta_lists/all.txt             --mode D             --outprefix /vast/blangme2/jbonnie/hammock/mus-homo/results/k5_w10/mus_homo             -k 5             -w 10             --precision 24             --full-paths             2>/vast/blangme2/jbonnie/hammock/mus-homo/results/logs/hammock/k5_w10.log
        
Submitted job 27 with external jobid 'Submitted batch job 24414528'.

[Thu May 14 20:57:08 2026]
rule mus_homo_hammock:
    input: /vast/blangme2/jbonnie/hammock/mus-homo/results/fasta_lists/all.txt
    output: /vast/blangme2/jbonnie/hammock/mus-homo/results/k8_w8/mus_homo_mnmzr_p24_jaccD_k8_w8.csv
    log: /vast/blangme2/jbonnie/hammock/mus-homo/results/logs/hammock/k8_w8.log
    jobid: 35
    reason: Missing output files: /vast/blangme2/jbonnie/hammock/mus-homo/results/k8_w8/mus_homo_mnmzr_p24_jaccD_k8_w8.csv
    wildcards: k=8, w=8
    threads: 8
    resources: mem_mb=16000, mem_mib=15259, disk_mb=1000, disk_mib=954, tmpdir=<TBD>, slurm_partition=parallel, slurm_account=blangme2_scal, runtime=720, cpus_per_task=1


        hammock /vast/blangme2/jbonnie/hammock/mus-homo/results/fasta_lists/all.txt /vast/blangme2/jbonnie/hammock/mus-homo/results/fasta_lists/all.txt             --mode D             --outprefix /vast/blangme2/jbonnie/hammock/mus-homo/results/k8_w8/mus_homo             -k 8             -w 8             --precision 24             --full-paths             2>/vast/blangme2/jbonnie/hammock/mus-homo/results/logs/hammock/k8_w8.log
        
Submitted job 35 with external jobid 'Submitted batch job 24414529'.

[Thu May 14 20:57:08 2026]
rule mus_homo_hammock:
    input: /vast/blangme2/jbonnie/hammock/mus-homo/results/fasta_lists/all.txt
    output: /vast/blangme2/jbonnie/hammock/mus-homo/results/k8_w30/mus_homo_mnmzr_p24_jaccD_k8_w30.csv
    log: /vast/blangme2/jbonnie/hammock/mus-homo/results/logs/hammock/k8_w30.log
    jobid: 43
    reason: Missing output files: /vast/blangme2/jbonnie/hammock/mus-homo/results/k8_w30/mus_homo_mnmzr_p24_jaccD_k8_w30.csv
    wildcards: k=8, w=30
    threads: 8
    resources: mem_mb=16000, mem_mib=15259, disk_mb=1000, disk_mib=954, tmpdir=<TBD>, slurm_partition=parallel, slurm_account=blangme2_scal, runtime=720, cpus_per_task=1


        hammock /vast/blangme2/jbonnie/hammock/mus-homo/results/fasta_lists/all.txt /vast/blangme2/jbonnie/hammock/mus-homo/results/fasta_lists/all.txt             --mode D             --outprefix /vast/blangme2/jbonnie/hammock/mus-homo/results/k8_w30/mus_homo             -k 8             -w 30             --precision 24             --full-paths             2>/vast/blangme2/jbonnie/hammock/mus-homo/results/logs/hammock/k8_w30.log
        
Submitted job 43 with external jobid 'Submitted batch job 24414530'.

[Thu May 14 20:57:08 2026]
rule mus_homo_hammock:
    input: /vast/blangme2/jbonnie/hammock/mus-homo/results/fasta_lists/all.txt
    output: /vast/blangme2/jbonnie/hammock/mus-homo/results/k10_w30/mus_homo_mnmzr_p24_jaccD_k10_w30.csv
    log: /vast/blangme2/jbonnie/hammock/mus-homo/results/logs/hammock/k10_w30.log
    jobid: 51
    reason: Missing output files: /vast/blangme2/jbonnie/hammock/mus-homo/results/k10_w30/mus_homo_mnmzr_p24_jaccD_k10_w30.csv
    wildcards: k=10, w=30
    threads: 8
    resources: mem_mb=16000, mem_mib=15259, disk_mb=1000, disk_mib=954, tmpdir=<TBD>, slurm_partition=parallel, slurm_account=blangme2_scal, runtime=720, cpus_per_task=1


        hammock /vast/blangme2/jbonnie/hammock/mus-homo/results/fasta_lists/all.txt /vast/blangme2/jbonnie/hammock/mus-homo/results/fasta_lists/all.txt             --mode D             --outprefix /vast/blangme2/jbonnie/hammock/mus-homo/results/k10_w30/mus_homo             -k 10             -w 30             --precision 24             --full-paths             2>/vast/blangme2/jbonnie/hammock/mus-homo/results/logs/hammock/k10_w30.log
        
Submitted job 51 with external jobid 'Submitted batch job 24414531'.

[Thu May 14 20:57:08 2026]
rule mus_homo_hammock:
    input: /vast/blangme2/jbonnie/hammock/mus-homo/results/fasta_lists/all.txt
    output: /vast/blangme2/jbonnie/hammock/mus-homo/results/k20_w20/mus_homo_mnmzr_p24_jaccD_k20_w20.csv
    log: /vast/blangme2/jbonnie/hammock/mus-homo/results/logs/hammock/k20_w20.log
    jobid: 59
    reason: Missing output files: /vast/blangme2/jbonnie/hammock/mus-homo/results/k20_w20/mus_homo_mnmzr_p24_jaccD_k20_w20.csv
    wildcards: k=20, w=20
    threads: 8
    resources: mem_mb=16000, mem_mib=15259, disk_mb=1000, disk_mib=954, tmpdir=<TBD>, slurm_partition=parallel, slurm_account=blangme2_scal, runtime=720, cpus_per_task=1


        hammock /vast/blangme2/jbonnie/hammock/mus-homo/results/fasta_lists/all.txt /vast/blangme2/jbonnie/hammock/mus-homo/results/fasta_lists/all.txt             --mode D             --outprefix /vast/blangme2/jbonnie/hammock/mus-homo/results/k20_w20/mus_homo             -k 20             -w 20             --precision 24             --full-paths             2>/vast/blangme2/jbonnie/hammock/mus-homo/results/logs/hammock/k20_w20.log
        
Submitted job 59 with external jobid 'Submitted batch job 24414532'.

[Thu May 14 20:57:08 2026]
rule mus_homo_hammock:
    input: /vast/blangme2/jbonnie/hammock/mus-homo/results/fasta_lists/all.txt
    output: /vast/blangme2/jbonnie/hammock/mus-homo/results/k5_w15/mus_homo_mnmzr_p24_jaccD_k5_w15.csv
    log: /vast/blangme2/jbonnie/hammock/mus-homo/results/logs/hammock/k5_w15.log
    jobid: 29
    reason: Missing output files: /vast/blangme2/jbonnie/hammock/mus-homo/results/k5_w15/mus_homo_mnmzr_p24_jaccD_k5_w15.csv
    wildcards: k=5, w=15
    threads: 8
    resources: mem_mb=16000, mem_mib=15259, disk_mb=1000, disk_mib=954, tmpdir=<TBD>, slurm_partition=parallel, slurm_account=blangme2_scal, runtime=720, cpus_per_task=1


        hammock /vast/blangme2/jbonnie/hammock/mus-homo/results/fasta_lists/all.txt /vast/blangme2/jbonnie/hammock/mus-homo/results/fasta_lists/all.txt             --mode D             --outprefix /vast/blangme2/jbonnie/hammock/mus-homo/results/k5_w15/mus_homo             -k 5             -w 15             --precision 24             --full-paths             2>/vast/blangme2/jbonnie/hammock/mus-homo/results/logs/hammock/k5_w15.log
        
Submitted job 29 with external jobid 'Submitted batch job 24414533'.

[Thu May 14 20:57:08 2026]
rule mus_homo_hammock:
    input: /vast/blangme2/jbonnie/hammock/mus-homo/results/fasta_lists/all.txt
    output: /vast/blangme2/jbonnie/hammock/mus-homo/results/k8_w10/mus_homo_mnmzr_p24_jaccD_k8_w10.csv
    log: /vast/blangme2/jbonnie/hammock/mus-homo/results/logs/hammock/k8_w10.log
    jobid: 37
    reason: Missing output files: /vast/blangme2/jbonnie/hammock/mus-homo/results/k8_w10/mus_homo_mnmzr_p24_jaccD_k8_w10.csv
    wildcards: k=8, w=10
    threads: 8
    resources: mem_mb=16000, mem_mib=15259, disk_mb=1000, disk_mib=954, tmpdir=<TBD>, slurm_partition=parallel, slurm_account=blangme2_scal, runtime=720, cpus_per_task=1


        hammock /vast/blangme2/jbonnie/hammock/mus-homo/results/fasta_lists/all.txt /vast/blangme2/jbonnie/hammock/mus-homo/results/fasta_lists/all.txt             --mode D             --outprefix /vast/blangme2/jbonnie/hammock/mus-homo/results/k8_w10/mus_homo             -k 8             -w 10             --precision 24             --full-paths             2>/vast/blangme2/jbonnie/hammock/mus-homo/results/logs/hammock/k8_w10.log
        
Submitted job 37 with external jobid 'Submitted batch job 24414534'.

[Thu May 14 20:57:08 2026]
rule mus_homo_hammock:
    input: /vast/blangme2/jbonnie/hammock/mus-homo/results/fasta_lists/all.txt
    output: /vast/blangme2/jbonnie/hammock/mus-homo/results/k10_w10/mus_homo_mnmzr_p24_jaccD_k10_w10.csv
    log: /vast/blangme2/jbonnie/hammock/mus-homo/results/logs/hammock/k10_w10.log
    jobid: 45
    reason: Missing output files: /vast/blangme2/jbonnie/hammock/mus-homo/results/k10_w10/mus_homo_mnmzr_p24_jaccD_k10_w10.csv
    wildcards: k=10, w=10
    threads: 8
    resources: mem_mb=16000, mem_mib=15259, disk_mb=1000, disk_mib=954, tmpdir=<TBD>, slurm_partition=parallel, slurm_account=blangme2_scal, runtime=720, cpus_per_task=1


        hammock /vast/blangme2/jbonnie/hammock/mus-homo/results/fasta_lists/all.txt /vast/blangme2/jbonnie/hammock/mus-homo/results/fasta_lists/all.txt             --mode D             --outprefix /vast/blangme2/jbonnie/hammock/mus-homo/results/k10_w10/mus_homo             -k 10             -w 10             --precision 24             --full-paths             2>/vast/blangme2/jbonnie/hammock/mus-homo/results/logs/hammock/k10_w10.log
        
Submitted job 45 with external jobid 'Submitted batch job 24414535'.

[Thu May 14 20:57:08 2026]
rule mus_homo_hammock:
    input: /vast/blangme2/jbonnie/hammock/mus-homo/results/fasta_lists/all.txt
    output: /vast/blangme2/jbonnie/hammock/mus-homo/results/k15_w15/mus_homo_mnmzr_p24_jaccD_k15_w15.csv
    log: /vast/blangme2/jbonnie/hammock/mus-homo/results/logs/hammock/k15_w15.log
    jobid: 53
    reason: Missing output files: /vast/blangme2/jbonnie/hammock/mus-homo/results/k15_w15/mus_homo_mnmzr_p24_jaccD_k15_w15.csv
    wildcards: k=15, w=15
    threads: 8
    resources: mem_mb=16000, mem_mib=15259, disk_mb=1000, disk_mib=954, tmpdir=<TBD>, slurm_partition=parallel, slurm_account=blangme2_scal, runtime=720, cpus_per_task=1


        hammock /vast/blangme2/jbonnie/hammock/mus-homo/results/fasta_lists/all.txt /vast/blangme2/jbonnie/hammock/mus-homo/results/fasta_lists/all.txt             --mode D             --outprefix /vast/blangme2/jbonnie/hammock/mus-homo/results/k15_w15/mus_homo             -k 15             -w 15             --precision 24             --full-paths             2>/vast/blangme2/jbonnie/hammock/mus-homo/results/logs/hammock/k15_w15.log
        
Submitted job 53 with external jobid 'Submitted batch job 24414536'.

[Thu May 14 20:57:08 2026]
rule mus_homo_hammock:
    input: /vast/blangme2/jbonnie/hammock/mus-homo/results/fasta_lists/all.txt
    output: /vast/blangme2/jbonnie/hammock/mus-homo/results/k5_w5/mus_homo_mnmzr_p24_jaccD_k5_w5.csv
    log: /vast/blangme2/jbonnie/hammock/mus-homo/results/logs/hammock/k5_w5.log
    jobid: 2
    reason: Missing output files: /vast/blangme2/jbonnie/hammock/mus-homo/results/k5_w5/mus_homo_mnmzr_p24_jaccD_k5_w5.csv
    wildcards: k=5, w=5
    threads: 8
    resources: mem_mb=16000, mem_mib=15259, disk_mb=1000, disk_mib=954, tmpdir=<TBD>, slurm_partition=parallel, slurm_account=blangme2_scal, runtime=720, cpus_per_task=1


        hammock /vast/blangme2/jbonnie/hammock/mus-homo/results/fasta_lists/all.txt /vast/blangme2/jbonnie/hammock/mus-homo/results/fasta_lists/all.txt             --mode D             --outprefix /vast/blangme2/jbonnie/hammock/mus-homo/results/k5_w5/mus_homo             -k 5             -w 5             --precision 24             --full-paths             2>/vast/blangme2/jbonnie/hammock/mus-homo/results/logs/hammock/k5_w5.log
        
Submitted job 2 with external jobid 'Submitted batch job 24414537'.

[Thu May 14 20:57:08 2026]
rule mus_homo_hammock:
    input: /vast/blangme2/jbonnie/hammock/mus-homo/results/fasta_lists/all.txt
    output: /vast/blangme2/jbonnie/hammock/mus-homo/results/k20_w30/mus_homo_mnmzr_p24_jaccD_k20_w30.csv
    log: /vast/blangme2/jbonnie/hammock/mus-homo/results/logs/hammock/k20_w30.log
    jobid: 61
    reason: Missing output files: /vast/blangme2/jbonnie/hammock/mus-homo/results/k20_w30/mus_homo_mnmzr_p24_jaccD_k20_w30.csv
    wildcards: k=20, w=30
    threads: 8
    resources: mem_mb=16000, mem_mib=15259, disk_mb=1000, disk_mib=954, tmpdir=<TBD>, slurm_partition=parallel, slurm_account=blangme2_scal, runtime=720, cpus_per_task=1


        hammock /vast/blangme2/jbonnie/hammock/mus-homo/results/fasta_lists/all.txt /vast/blangme2/jbonnie/hammock/mus-homo/results/fasta_lists/all.txt             --mode D             --outprefix /vast/blangme2/jbonnie/hammock/mus-homo/results/k20_w30/mus_homo             -k 20             -w 30             --precision 24             --full-paths             2>/vast/blangme2/jbonnie/hammock/mus-homo/results/logs/hammock/k20_w30.log
        
Submitted job 61 with external jobid 'Submitted batch job 24414538'.

[Thu May 14 20:57:08 2026]
rule mus_homo_hammock:
    input: /vast/blangme2/jbonnie/hammock/mus-homo/results/fasta_lists/all.txt
    output: /vast/blangme2/jbonnie/hammock/mus-homo/results/k5_w20/mus_homo_mnmzr_p24_jaccD_k5_w20.csv
    log: /vast/blangme2/jbonnie/hammock/mus-homo/results/logs/hammock/k5_w20.log
    jobid: 31
    reason: Missing output files: /vast/blangme2/jbonnie/hammock/mus-homo/results/k5_w20/mus_homo_mnmzr_p24_jaccD_k5_w20.csv
    wildcards: k=5, w=20
    threads: 8
    resources: mem_mb=16000, mem_mib=15259, disk_mb=1000, disk_mib=954, tmpdir=<TBD>, slurm_partition=parallel, slurm_account=blangme2_scal, runtime=720, cpus_per_task=1


        hammock /vast/blangme2/jbonnie/hammock/mus-homo/results/fasta_lists/all.txt /vast/blangme2/jbonnie/hammock/mus-homo/results/fasta_lists/all.txt             --mode D             --outprefix /vast/blangme2/jbonnie/hammock/mus-homo/results/k5_w20/mus_homo             -k 5             -w 20             --precision 24             --full-paths             2>/vast/blangme2/jbonnie/hammock/mus-homo/results/logs/hammock/k5_w20.log
        
Submitted job 31 with external jobid 'Submitted batch job 24414539'.

[Thu May 14 20:57:08 2026]
rule mus_homo_hammock:
    input: /vast/blangme2/jbonnie/hammock/mus-homo/results/fasta_lists/all.txt
    output: /vast/blangme2/jbonnie/hammock/mus-homo/results/k8_w15/mus_homo_mnmzr_p24_jaccD_k8_w15.csv
    log: /vast/blangme2/jbonnie/hammock/mus-homo/results/logs/hammock/k8_w15.log
    jobid: 39
    reason: Missing output files: /vast/blangme2/jbonnie/hammock/mus-homo/results/k8_w15/mus_homo_mnmzr_p24_jaccD_k8_w15.csv
    wildcards: k=8, w=15
    threads: 8
    resources: mem_mb=16000, mem_mib=15259, disk_mb=1000, disk_mib=954, tmpdir=<TBD>, slurm_partition=parallel, slurm_account=blangme2_scal, runtime=720, cpus_per_task=1


        hammock /vast/blangme2/jbonnie/hammock/mus-homo/results/fasta_lists/all.txt /vast/blangme2/jbonnie/hammock/mus-homo/results/fasta_lists/all.txt             --mode D             --outprefix /vast/blangme2/jbonnie/hammock/mus-homo/results/k8_w15/mus_homo             -k 8             -w 15             --precision 24             --full-paths             2>/vast/blangme2/jbonnie/hammock/mus-homo/results/logs/hammock/k8_w15.log
        
Submitted job 39 with external jobid 'Submitted batch job 24414540'.

[Thu May 14 20:57:08 2026]
rule mus_homo_hammock:
    input: /vast/blangme2/jbonnie/hammock/mus-homo/results/fasta_lists/all.txt
    output: /vast/blangme2/jbonnie/hammock/mus-homo/results/k10_w15/mus_homo_mnmzr_p24_jaccD_k10_w15.csv
    log: /vast/blangme2/jbonnie/hammock/mus-homo/results/logs/hammock/k10_w15.log
    jobid: 47
    reason: Missing output files: /vast/blangme2/jbonnie/hammock/mus-homo/results/k10_w15/mus_homo_mnmzr_p24_jaccD_k10_w15.csv
    wildcards: k=10, w=15
    threads: 8
    resources: mem_mb=16000, mem_mib=15259, disk_mb=1000, disk_mib=954, tmpdir=<TBD>, slurm_partition=parallel, slurm_account=blangme2_scal, runtime=720, cpus_per_task=1


        hammock /vast/blangme2/jbonnie/hammock/mus-homo/results/fasta_lists/all.txt /vast/blangme2/jbonnie/hammock/mus-homo/results/fasta_lists/all.txt             --mode D             --outprefix /vast/blangme2/jbonnie/hammock/mus-homo/results/k10_w15/mus_homo             -k 10             -w 15             --precision 24             --full-paths             2>/vast/blangme2/jbonnie/hammock/mus-homo/results/logs/hammock/k10_w15.log
        
Submitted job 47 with external jobid 'Submitted batch job 24414541'.

[Thu May 14 20:57:08 2026]
rule mus_homo_hammock:
    input: /vast/blangme2/jbonnie/hammock/mus-homo/results/fasta_lists/all.txt
    output: /vast/blangme2/jbonnie/hammock/mus-homo/results/k15_w20/mus_homo_mnmzr_p24_jaccD_k15_w20.csv
    log: /vast/blangme2/jbonnie/hammock/mus-homo/results/logs/hammock/k15_w20.log
    jobid: 55
    reason: Missing output files: /vast/blangme2/jbonnie/hammock/mus-homo/results/k15_w20/mus_homo_mnmzr_p24_jaccD_k15_w20.csv
    wildcards: k=15, w=20
    threads: 8
    resources: mem_mb=16000, mem_mib=15259, disk_mb=1000, disk_mib=954, tmpdir=<TBD>, slurm_partition=parallel, slurm_account=blangme2_scal, runtime=720, cpus_per_task=1


        hammock /vast/blangme2/jbonnie/hammock/mus-homo/results/fasta_lists/all.txt /vast/blangme2/jbonnie/hammock/mus-homo/results/fasta_lists/all.txt             --mode D             --outprefix /vast/blangme2/jbonnie/hammock/mus-homo/results/k15_w20/mus_homo             -k 15             -w 20             --precision 24             --full-paths             2>/vast/blangme2/jbonnie/hammock/mus-homo/results/logs/hammock/k15_w20.log
        
Submitted job 55 with external jobid 'Submitted batch job 24414542'.

[Thu May 14 20:57:08 2026]
rule mus_homo_hammock:
    input: /vast/blangme2/jbonnie/hammock/mus-homo/results/fasta_lists/all.txt
    output: /vast/blangme2/jbonnie/hammock/mus-homo/results/k5_w8/mus_homo_mnmzr_p24_jaccD_k5_w8.csv
    log: /vast/blangme2/jbonnie/hammock/mus-homo/results/logs/hammock/k5_w8.log
    jobid: 25
    reason: Missing output files: /vast/blangme2/jbonnie/hammock/mus-homo/results/k5_w8/mus_homo_mnmzr_p24_jaccD_k5_w8.csv
    wildcards: k=5, w=8
    threads: 8
    resources: mem_mb=16000, mem_mib=15259, disk_mb=1000, disk_mib=954, tmpdir=<TBD>, slurm_partition=parallel, slurm_account=blangme2_scal, runtime=720, cpus_per_task=1


        hammock /vast/blangme2/jbonnie/hammock/mus-homo/results/fasta_lists/all.txt /vast/blangme2/jbonnie/hammock/mus-homo/results/fasta_lists/all.txt             --mode D             --outprefix /vast/blangme2/jbonnie/hammock/mus-homo/results/k5_w8/mus_homo             -k 5             -w 8             --precision 24             --full-paths             2>/vast/blangme2/jbonnie/hammock/mus-homo/results/logs/hammock/k5_w8.log
        
Submitted job 25 with external jobid 'Submitted batch job 24414543'.
[Thu May 14 20:58:46 2026]
Finished job 51.
1 of 41 steps (2%) done
Select jobs to execute...

[Thu May 14 20:58:46 2026]
rule cluster_and_plot:
    input: /vast/blangme2/jbonnie/hammock/mus-homo/results/k10_w30/mus_homo_mnmzr_p24_jaccD_k10_w30.csv, config/samples.tsv
    output: /vast/blangme2/jbonnie/hammock/mus-homo/results/k10_w30/dendrogram.png, /vast/blangme2/jbonnie/hammock/mus-homo/results/k10_w30/pca.png, /vast/blangme2/jbonnie/hammock/mus-homo/results/k10_w30/cluster_assignments.tsv
    log: /vast/blangme2/jbonnie/hammock/mus-homo/results/logs/cluster/k10_w30.log
    jobid: 50
    reason: Missing output files: /vast/blangme2/jbonnie/hammock/mus-homo/results/k10_w30/dendrogram.png; Input files updated by another job: /vast/blangme2/jbonnie/hammock/mus-homo/results/k10_w30/mus_homo_mnmzr_p24_jaccD_k10_w30.csv
    wildcards: k=10, w=30
    resources: mem_mb=8000, mem_mib=7630, disk_mb=1000, disk_mib=954, tmpdir=<TBD>, slurm_partition=parallel, slurm_account=blangme2_scal, runtime=60, cpus_per_task=1

Submitted job 50 with external jobid 'Submitted batch job 24414913'.
Waiting at most 60 seconds for missing files.
[Thu May 14 20:59:16 2026]
Finished job 50.
2 of 41 steps (5%) done
[Thu May 14 20:59:16 2026]
Finished job 49.
3 of 41 steps (7%) done
Select jobs to execute...

[Thu May 14 20:59:16 2026]
rule cluster_and_plot:
    input: /vast/blangme2/jbonnie/hammock/mus-homo/results/k10_w20/mus_homo_mnmzr_p24_jaccD_k10_w20.csv, config/samples.tsv
    output: /vast/blangme2/jbonnie/hammock/mus-homo/results/k10_w20/dendrogram.png, /vast/blangme2/jbonnie/hammock/mus-homo/results/k10_w20/pca.png, /vast/blangme2/jbonnie/hammock/mus-homo/results/k10_w20/cluster_assignments.tsv
    log: /vast/blangme2/jbonnie/hammock/mus-homo/results/logs/cluster/k10_w20.log
    jobid: 48
    reason: Missing output files: /vast/blangme2/jbonnie/hammock/mus-homo/results/k10_w20/dendrogram.png; Input files updated by another job: /vast/blangme2/jbonnie/hammock/mus-homo/results/k10_w20/mus_homo_mnmzr_p24_jaccD_k10_w20.csv
    wildcards: k=10, w=20
    resources: mem_mb=8000, mem_mib=7630, disk_mb=1000, disk_mib=954, tmpdir=<TBD>, slurm_partition=parallel, slurm_account=blangme2_scal, runtime=60, cpus_per_task=1

Submitted job 48 with external jobid 'Submitted batch job 24414974'.
[Thu May 14 20:59:16 2026]
Finished job 57.
4 of 41 steps (10%) done
Select jobs to execute...

[Thu May 14 20:59:16 2026]
rule cluster_and_plot:
    input: /vast/blangme2/jbonnie/hammock/mus-homo/results/k15_w30/mus_homo_mnmzr_p24_jaccD_k15_w30.csv, config/samples.tsv
    output: /vast/blangme2/jbonnie/hammock/mus-homo/results/k15_w30/dendrogram.png, /vast/blangme2/jbonnie/hammock/mus-homo/results/k15_w30/pca.png, /vast/blangme2/jbonnie/hammock/mus-homo/results/k15_w30/cluster_assignments.tsv
    log: /vast/blangme2/jbonnie/hammock/mus-homo/results/logs/cluster/k15_w30.log
    jobid: 56
    reason: Missing output files: /vast/blangme2/jbonnie/hammock/mus-homo/results/k15_w30/dendrogram.png; Input files updated by another job: /vast/blangme2/jbonnie/hammock/mus-homo/results/k15_w30/mus_homo_mnmzr_p24_jaccD_k15_w30.csv
    wildcards: k=15, w=30
    resources: mem_mb=8000, mem_mib=7630, disk_mb=1000, disk_mib=954, tmpdir=<TBD>, slurm_partition=parallel, slurm_account=blangme2_scal, runtime=60, cpus_per_task=1

Submitted job 56 with external jobid 'Submitted batch job 24414975'.
[Thu May 14 20:59:17 2026]
Finished job 61.
5 of 41 steps (12%) done
Select jobs to execute...

[Thu May 14 20:59:17 2026]
rule cluster_and_plot:
    input: /vast/blangme2/jbonnie/hammock/mus-homo/results/k20_w30/mus_homo_mnmzr_p24_jaccD_k20_w30.csv, config/samples.tsv
    output: /vast/blangme2/jbonnie/hammock/mus-homo/results/k20_w30/dendrogram.png, /vast/blangme2/jbonnie/hammock/mus-homo/results/k20_w30/pca.png, /vast/blangme2/jbonnie/hammock/mus-homo/results/k20_w30/cluster_assignments.tsv
    log: /vast/blangme2/jbonnie/hammock/mus-homo/results/logs/cluster/k20_w30.log
    jobid: 60
    reason: Missing output files: /vast/blangme2/jbonnie/hammock/mus-homo/results/k20_w30/dendrogram.png; Input files updated by another job: /vast/blangme2/jbonnie/hammock/mus-homo/results/k20_w30/mus_homo_mnmzr_p24_jaccD_k20_w30.csv
    wildcards: k=20, w=30
    resources: mem_mb=8000, mem_mib=7630, disk_mb=1000, disk_mib=954, tmpdir=<TBD>, slurm_partition=parallel, slurm_account=blangme2_scal, runtime=60, cpus_per_task=1

Submitted job 60 with external jobid 'Submitted batch job 24414976'.
[Thu May 14 20:59:17 2026]
Finished job 47.
6 of 41 steps (15%) done
[Thu May 14 20:59:17 2026]
Finished job 55.
7 of 41 steps (17%) done
Select jobs to execute...

[Thu May 14 20:59:17 2026]
rule cluster_and_plot:
    input: /vast/blangme2/jbonnie/hammock/mus-homo/results/k10_w15/mus_homo_mnmzr_p24_jaccD_k10_w15.csv, config/samples.tsv
    output: /vast/blangme2/jbonnie/hammock/mus-homo/results/k10_w15/dendrogram.png, /vast/blangme2/jbonnie/hammock/mus-homo/results/k10_w15/pca.png, /vast/blangme2/jbonnie/hammock/mus-homo/results/k10_w15/cluster_assignments.tsv
    log: /vast/blangme2/jbonnie/hammock/mus-homo/results/logs/cluster/k10_w15.log
    jobid: 46
    reason: Missing output files: /vast/blangme2/jbonnie/hammock/mus-homo/results/k10_w15/dendrogram.png; Input files updated by another job: /vast/blangme2/jbonnie/hammock/mus-homo/results/k10_w15/mus_homo_mnmzr_p24_jaccD_k10_w15.csv
    wildcards: k=10, w=15
    resources: mem_mb=8000, mem_mib=7630, disk_mb=1000, disk_mib=954, tmpdir=<TBD>, slurm_partition=parallel, slurm_account=blangme2_scal, runtime=60, cpus_per_task=1

Submitted job 46 with external jobid 'Submitted batch job 24414977'.

[Thu May 14 20:59:17 2026]
rule cluster_and_plot:
    input: /vast/blangme2/jbonnie/hammock/mus-homo/results/k15_w20/mus_homo_mnmzr_p24_jaccD_k15_w20.csv, config/samples.tsv
    output: /vast/blangme2/jbonnie/hammock/mus-homo/results/k15_w20/dendrogram.png, /vast/blangme2/jbonnie/hammock/mus-homo/results/k15_w20/pca.png, /vast/blangme2/jbonnie/hammock/mus-homo/results/k15_w20/cluster_assignments.tsv
    log: /vast/blangme2/jbonnie/hammock/mus-homo/results/logs/cluster/k15_w20.log
    jobid: 54
    reason: Missing output files: /vast/blangme2/jbonnie/hammock/mus-homo/results/k15_w20/dendrogram.png; Input files updated by another job: /vast/blangme2/jbonnie/hammock/mus-homo/results/k15_w20/mus_homo_mnmzr_p24_jaccD_k15_w20.csv
    wildcards: k=15, w=20
    resources: mem_mb=8000, mem_mib=7630, disk_mb=1000, disk_mib=954, tmpdir=<TBD>, slurm_partition=parallel, slurm_account=blangme2_scal, runtime=60, cpus_per_task=1

Submitted job 54 with external jobid 'Submitted batch job 24414978'.
Waiting at most 60 seconds for missing files.
[Thu May 14 20:59:46 2026]
Finished job 48.
8 of 41 steps (20%) done
[Thu May 14 20:59:46 2026]
Finished job 56.
9 of 41 steps (22%) done
[Thu May 14 20:59:46 2026]
Finished job 43.
10 of 41 steps (24%) done
Select jobs to execute...

[Thu May 14 20:59:46 2026]
rule cluster_and_plot:
    input: /vast/blangme2/jbonnie/hammock/mus-homo/results/k8_w30/mus_homo_mnmzr_p24_jaccD_k8_w30.csv, config/samples.tsv
    output: /vast/blangme2/jbonnie/hammock/mus-homo/results/k8_w30/dendrogram.png, /vast/blangme2/jbonnie/hammock/mus-homo/results/k8_w30/pca.png, /vast/blangme2/jbonnie/hammock/mus-homo/results/k8_w30/cluster_assignments.tsv
    log: /vast/blangme2/jbonnie/hammock/mus-homo/results/logs/cluster/k8_w30.log
    jobid: 42
    reason: Missing output files: /vast/blangme2/jbonnie/hammock/mus-homo/results/k8_w30/dendrogram.png; Input files updated by another job: /vast/blangme2/jbonnie/hammock/mus-homo/results/k8_w30/mus_homo_mnmzr_p24_jaccD_k8_w30.csv
    wildcards: k=8, w=30
    resources: mem_mb=8000, mem_mib=7630, disk_mb=1000, disk_mib=954, tmpdir=<TBD>, slurm_partition=parallel, slurm_account=blangme2_scal, runtime=60, cpus_per_task=1

Submitted job 42 with external jobid 'Submitted batch job 24415120'.
[Thu May 14 20:59:46 2026]
Finished job 59.
11 of 41 steps (27%) done
[Thu May 14 20:59:46 2026]
Finished job 45.
12 of 41 steps (29%) done
[Thu May 14 20:59:46 2026]
Finished job 53.
13 of 41 steps (32%) done
Select jobs to execute...

[Thu May 14 20:59:46 2026]
rule cluster_and_plot:
    input: /vast/blangme2/jbonnie/hammock/mus-homo/results/k10_w10/mus_homo_mnmzr_p24_jaccD_k10_w10.csv, config/samples.tsv
    output: /vast/blangme2/jbonnie/hammock/mus-homo/results/k10_w10/dendrogram.png, /vast/blangme2/jbonnie/hammock/mus-homo/results/k10_w10/pca.png, /vast/blangme2/jbonnie/hammock/mus-homo/results/k10_w10/cluster_assignments.tsv
    log: /vast/blangme2/jbonnie/hammock/mus-homo/results/logs/cluster/k10_w10.log
    jobid: 44
    reason: Missing output files: /vast/blangme2/jbonnie/hammock/mus-homo/results/k10_w10/dendrogram.png; Input files updated by another job: /vast/blangme2/jbonnie/hammock/mus-homo/results/k10_w10/mus_homo_mnmzr_p24_jaccD_k10_w10.csv
    wildcards: k=10, w=10
    resources: mem_mb=8000, mem_mib=7630, disk_mb=1000, disk_mib=954, tmpdir=<TBD>, slurm_partition=parallel, slurm_account=blangme2_scal, runtime=60, cpus_per_task=1

Submitted job 44 with external jobid 'Submitted batch job 24415121'.

[Thu May 14 20:59:46 2026]
rule cluster_and_plot:
    input: /vast/blangme2/jbonnie/hammock/mus-homo/results/k20_w20/mus_homo_mnmzr_p24_jaccD_k20_w20.csv, config/samples.tsv
    output: /vast/blangme2/jbonnie/hammock/mus-homo/results/k20_w20/dendrogram.png, /vast/blangme2/jbonnie/hammock/mus-homo/results/k20_w20/pca.png, /vast/blangme2/jbonnie/hammock/mus-homo/results/k20_w20/cluster_assignments.tsv
    log: /vast/blangme2/jbonnie/hammock/mus-homo/results/logs/cluster/k20_w20.log
    jobid: 58
    reason: Missing output files: /vast/blangme2/jbonnie/hammock/mus-homo/results/k20_w20/dendrogram.png; Input files updated by another job: /vast/blangme2/jbonnie/hammock/mus-homo/results/k20_w20/mus_homo_mnmzr_p24_jaccD_k20_w20.csv
    wildcards: k=20, w=20
    resources: mem_mb=8000, mem_mib=7630, disk_mb=1000, disk_mib=954, tmpdir=<TBD>, slurm_partition=parallel, slurm_account=blangme2_scal, runtime=60, cpus_per_task=1

Submitted job 58 with external jobid 'Submitted batch job 24415122'.

[Thu May 14 20:59:46 2026]
rule cluster_and_plot:
    input: /vast/blangme2/jbonnie/hammock/mus-homo/results/k15_w15/mus_homo_mnmzr_p24_jaccD_k15_w15.csv, config/samples.tsv
    output: /vast/blangme2/jbonnie/hammock/mus-homo/results/k15_w15/dendrogram.png, /vast/blangme2/jbonnie/hammock/mus-homo/results/k15_w15/pca.png, /vast/blangme2/jbonnie/hammock/mus-homo/results/k15_w15/cluster_assignments.tsv
    log: /vast/blangme2/jbonnie/hammock/mus-homo/results/logs/cluster/k15_w15.log
    jobid: 52
    reason: Missing output files: /vast/blangme2/jbonnie/hammock/mus-homo/results/k15_w15/dendrogram.png; Input files updated by another job: /vast/blangme2/jbonnie/hammock/mus-homo/results/k15_w15/mus_homo_mnmzr_p24_jaccD_k15_w15.csv
    wildcards: k=15, w=15
    resources: mem_mb=8000, mem_mib=7630, disk_mb=1000, disk_mib=954, tmpdir=<TBD>, slurm_partition=parallel, slurm_account=blangme2_scal, runtime=60, cpus_per_task=1

Submitted job 52 with external jobid 'Submitted batch job 24415123'.
[Thu May 14 20:59:47 2026]
Finished job 60.
14 of 41 steps (34%) done
[Thu May 14 20:59:47 2026]
Finished job 46.
15 of 41 steps (37%) done
[Thu May 14 20:59:47 2026]
Finished job 54.
16 of 41 steps (39%) done
Waiting at most 60 seconds for missing files.
[Thu May 14 21:00:16 2026]
Finished job 42.
17 of 41 steps (41%) done
[Thu May 14 21:00:16 2026]
Finished job 44.
18 of 41 steps (44%) done
[Thu May 14 21:00:16 2026]
Finished job 58.
19 of 41 steps (46%) done
[Thu May 14 21:00:16 2026]
Finished job 52.
20 of 41 steps (49%) done
[Thu May 14 21:00:16 2026]
Finished job 41.
21 of 41 steps (51%) done
Select jobs to execute...

[Thu May 14 21:00:16 2026]
rule cluster_and_plot:
    input: /vast/blangme2/jbonnie/hammock/mus-homo/results/k8_w20/mus_homo_mnmzr_p24_jaccD_k8_w20.csv, config/samples.tsv
    output: /vast/blangme2/jbonnie/hammock/mus-homo/results/k8_w20/dendrogram.png, /vast/blangme2/jbonnie/hammock/mus-homo/results/k8_w20/pca.png, /vast/blangme2/jbonnie/hammock/mus-homo/results/k8_w20/cluster_assignments.tsv
    log: /vast/blangme2/jbonnie/hammock/mus-homo/results/logs/cluster/k8_w20.log
    jobid: 40
    reason: Missing output files: /vast/blangme2/jbonnie/hammock/mus-homo/results/k8_w20/dendrogram.png; Input files updated by another job: /vast/blangme2/jbonnie/hammock/mus-homo/results/k8_w20/mus_homo_mnmzr_p24_jaccD_k8_w20.csv
    wildcards: k=8, w=20
    resources: mem_mb=8000, mem_mib=7630, disk_mb=1000, disk_mib=954, tmpdir=<TBD>, slurm_partition=parallel, slurm_account=blangme2_scal, runtime=60, cpus_per_task=1

Submitted job 40 with external jobid 'Submitted batch job 24415189'.
Waiting at most 60 seconds for missing files.
[Thu May 14 21:00:47 2026]
Finished job 40.
22 of 41 steps (54%) done
[Thu May 14 21:00:57 2026]
Finished job 33.
23 of 41 steps (56%) done
Select jobs to execute...

[Thu May 14 21:00:57 2026]
rule cluster_and_plot:
    input: /vast/blangme2/jbonnie/hammock/mus-homo/results/k5_w30/mus_homo_mnmzr_p24_jaccD_k5_w30.csv, config/samples.tsv
    output: /vast/blangme2/jbonnie/hammock/mus-homo/results/k5_w30/dendrogram.png, /vast/blangme2/jbonnie/hammock/mus-homo/results/k5_w30/pca.png, /vast/blangme2/jbonnie/hammock/mus-homo/results/k5_w30/cluster_assignments.tsv
    log: /vast/blangme2/jbonnie/hammock/mus-homo/results/logs/cluster/k5_w30.log
    jobid: 32
    reason: Missing output files: /vast/blangme2/jbonnie/hammock/mus-homo/results/k5_w30/dendrogram.png; Input files updated by another job: /vast/blangme2/jbonnie/hammock/mus-homo/results/k5_w30/mus_homo_mnmzr_p24_jaccD_k5_w30.csv
    wildcards: k=5, w=30
    resources: mem_mb=8000, mem_mib=7630, disk_mb=1000, disk_mib=954, tmpdir=<TBD>, slurm_partition=parallel, slurm_account=blangme2_scal, runtime=60, cpus_per_task=1

Submitted job 32 with external jobid 'Submitted batch job 24415360'.
[Thu May 14 21:00:57 2026]
Finished job 39.
24 of 41 steps (59%) done
Select jobs to execute...

[Thu May 14 21:00:57 2026]
rule cluster_and_plot:
    input: /vast/blangme2/jbonnie/hammock/mus-homo/results/k8_w15/mus_homo_mnmzr_p24_jaccD_k8_w15.csv, config/samples.tsv
    output: /vast/blangme2/jbonnie/hammock/mus-homo/results/k8_w15/dendrogram.png, /vast/blangme2/jbonnie/hammock/mus-homo/results/k8_w15/pca.png, /vast/blangme2/jbonnie/hammock/mus-homo/results/k8_w15/cluster_assignments.tsv
    log: /vast/blangme2/jbonnie/hammock/mus-homo/results/logs/cluster/k8_w15.log
    jobid: 38
    reason: Missing output files: /vast/blangme2/jbonnie/hammock/mus-homo/results/k8_w15/dendrogram.png; Input files updated by another job: /vast/blangme2/jbonnie/hammock/mus-homo/results/k8_w15/mus_homo_mnmzr_p24_jaccD_k8_w15.csv
    wildcards: k=8, w=15
    resources: mem_mb=8000, mem_mib=7630, disk_mb=1000, disk_mib=954, tmpdir=<TBD>, slurm_partition=parallel, slurm_account=blangme2_scal, runtime=60, cpus_per_task=1

Submitted job 38 with external jobid 'Submitted batch job 24415361'.
[Thu May 14 21:01:37 2026]
Finished job 32.
25 of 41 steps (61%) done
[Thu May 14 21:01:37 2026]
Finished job 38.
26 of 41 steps (63%) done
[Thu May 14 21:02:07 2026]
Finished job 37.
27 of 41 steps (66%) done
Select jobs to execute...

[Thu May 14 21:02:07 2026]
rule cluster_and_plot:
    input: /vast/blangme2/jbonnie/hammock/mus-homo/results/k8_w10/mus_homo_mnmzr_p24_jaccD_k8_w10.csv, config/samples.tsv
    output: /vast/blangme2/jbonnie/hammock/mus-homo/results/k8_w10/dendrogram.png, /vast/blangme2/jbonnie/hammock/mus-homo/results/k8_w10/pca.png, /vast/blangme2/jbonnie/hammock/mus-homo/results/k8_w10/cluster_assignments.tsv
    log: /vast/blangme2/jbonnie/hammock/mus-homo/results/logs/cluster/k8_w10.log
    jobid: 36
    reason: Missing output files: /vast/blangme2/jbonnie/hammock/mus-homo/results/k8_w10/dendrogram.png; Input files updated by another job: /vast/blangme2/jbonnie/hammock/mus-homo/results/k8_w10/mus_homo_mnmzr_p24_jaccD_k8_w10.csv
    wildcards: k=8, w=10
    resources: mem_mb=8000, mem_mib=7630, disk_mb=1000, disk_mib=954, tmpdir=<TBD>, slurm_partition=parallel, slurm_account=blangme2_scal, runtime=60, cpus_per_task=1

Submitted job 36 with external jobid 'Submitted batch job 24415550'.
[Thu May 14 21:02:07 2026]
Finished job 31.
28 of 41 steps (68%) done
Select jobs to execute...

[Thu May 14 21:02:07 2026]
rule cluster_and_plot:
    input: /vast/blangme2/jbonnie/hammock/mus-homo/results/k5_w20/mus_homo_mnmzr_p24_jaccD_k5_w20.csv, config/samples.tsv
    output: /vast/blangme2/jbonnie/hammock/mus-homo/results/k5_w20/dendrogram.png, /vast/blangme2/jbonnie/hammock/mus-homo/results/k5_w20/pca.png, /vast/blangme2/jbonnie/hammock/mus-homo/results/k5_w20/cluster_assignments.tsv
    log: /vast/blangme2/jbonnie/hammock/mus-homo/results/logs/cluster/k5_w20.log
    jobid: 30
    reason: Missing output files: /vast/blangme2/jbonnie/hammock/mus-homo/results/k5_w20/dendrogram.png; Input files updated by another job: /vast/blangme2/jbonnie/hammock/mus-homo/results/k5_w20/mus_homo_mnmzr_p24_jaccD_k5_w20.csv
    wildcards: k=5, w=20
    resources: mem_mb=8000, mem_mib=7630, disk_mb=1000, disk_mib=954, tmpdir=<TBD>, slurm_partition=parallel, slurm_account=blangme2_scal, runtime=60, cpus_per_task=1

Submitted job 30 with external jobid 'Submitted batch job 24415551'.
[Thu May 14 21:02:47 2026]
Finished job 36.
29 of 41 steps (71%) done
[Thu May 14 21:02:47 2026]
Finished job 30.
30 of 41 steps (73%) done
[Thu May 14 21:03:17 2026]
Finished job 35.
31 of 41 steps (76%) done
Select jobs to execute...

[Thu May 14 21:03:17 2026]
rule cluster_and_plot:
    input: /vast/blangme2/jbonnie/hammock/mus-homo/results/k8_w8/mus_homo_mnmzr_p24_jaccD_k8_w8.csv, config/samples.tsv
    output: /vast/blangme2/jbonnie/hammock/mus-homo/results/k8_w8/dendrogram.png, /vast/blangme2/jbonnie/hammock/mus-homo/results/k8_w8/pca.png, /vast/blangme2/jbonnie/hammock/mus-homo/results/k8_w8/cluster_assignments.tsv
    log: /vast/blangme2/jbonnie/hammock/mus-homo/results/logs/cluster/k8_w8.log
    jobid: 34
    reason: Missing output files: /vast/blangme2/jbonnie/hammock/mus-homo/results/k8_w8/dendrogram.png; Input files updated by another job: /vast/blangme2/jbonnie/hammock/mus-homo/results/k8_w8/mus_homo_mnmzr_p24_jaccD_k8_w8.csv
    wildcards: k=8, w=8
    resources: mem_mb=8000, mem_mib=7630, disk_mb=1000, disk_mib=954, tmpdir=<TBD>, slurm_partition=parallel, slurm_account=blangme2_scal, runtime=60, cpus_per_task=1

Submitted job 34 with external jobid 'Submitted batch job 24415704'.
[Thu May 14 21:03:17 2026]
Finished job 29.
32 of 41 steps (78%) done
Select jobs to execute...

[Thu May 14 21:03:17 2026]
rule cluster_and_plot:
    input: /vast/blangme2/jbonnie/hammock/mus-homo/results/k5_w15/mus_homo_mnmzr_p24_jaccD_k5_w15.csv, config/samples.tsv
    output: /vast/blangme2/jbonnie/hammock/mus-homo/results/k5_w15/dendrogram.png, /vast/blangme2/jbonnie/hammock/mus-homo/results/k5_w15/pca.png, /vast/blangme2/jbonnie/hammock/mus-homo/results/k5_w15/cluster_assignments.tsv
    log: /vast/blangme2/jbonnie/hammock/mus-homo/results/logs/cluster/k5_w15.log
    jobid: 28
    reason: Missing output files: /vast/blangme2/jbonnie/hammock/mus-homo/results/k5_w15/dendrogram.png; Input files updated by another job: /vast/blangme2/jbonnie/hammock/mus-homo/results/k5_w15/mus_homo_mnmzr_p24_jaccD_k5_w15.csv
    wildcards: k=5, w=15
    resources: mem_mb=8000, mem_mib=7630, disk_mb=1000, disk_mib=954, tmpdir=<TBD>, slurm_partition=parallel, slurm_account=blangme2_scal, runtime=60, cpus_per_task=1

Submitted job 28 with external jobid 'Submitted batch job 24415705'.
Waiting at most 60 seconds for missing files.
[Thu May 14 21:03:47 2026]
Finished job 34.
33 of 41 steps (80%) done
[Thu May 14 21:03:48 2026]
Finished job 28.
34 of 41 steps (83%) done
[Thu May 14 21:05:58 2026]
Finished job 27.
35 of 41 steps (85%) done
Select jobs to execute...

[Thu May 14 21:05:58 2026]
rule cluster_and_plot:
    input: /vast/blangme2/jbonnie/hammock/mus-homo/results/k5_w10/mus_homo_mnmzr_p24_jaccD_k5_w10.csv, config/samples.tsv
    output: /vast/blangme2/jbonnie/hammock/mus-homo/results/k5_w10/dendrogram.png, /vast/blangme2/jbonnie/hammock/mus-homo/results/k5_w10/pca.png, /vast/blangme2/jbonnie/hammock/mus-homo/results/k5_w10/cluster_assignments.tsv
    log: /vast/blangme2/jbonnie/hammock/mus-homo/results/logs/cluster/k5_w10.log
    jobid: 26
    reason: Missing output files: /vast/blangme2/jbonnie/hammock/mus-homo/results/k5_w10/dendrogram.png; Input files updated by another job: /vast/blangme2/jbonnie/hammock/mus-homo/results/k5_w10/mus_homo_mnmzr_p24_jaccD_k5_w10.csv
    wildcards: k=5, w=10
    resources: mem_mb=8000, mem_mib=7630, disk_mb=1000, disk_mib=954, tmpdir=<TBD>, slurm_partition=parallel, slurm_account=blangme2_scal, runtime=60, cpus_per_task=1

Submitted job 26 with external jobid 'Submitted batch job 24416160'.
[Thu May 14 21:06:28 2026]
Finished job 26.
36 of 41 steps (88%) done
[Thu May 14 21:07:58 2026]
Finished job 25.
37 of 41 steps (90%) done
Select jobs to execute...

[Thu May 14 21:07:58 2026]
rule cluster_and_plot:
    input: /vast/blangme2/jbonnie/hammock/mus-homo/results/k5_w8/mus_homo_mnmzr_p24_jaccD_k5_w8.csv, config/samples.tsv
    output: /vast/blangme2/jbonnie/hammock/mus-homo/results/k5_w8/dendrogram.png, /vast/blangme2/jbonnie/hammock/mus-homo/results/k5_w8/pca.png, /vast/blangme2/jbonnie/hammock/mus-homo/results/k5_w8/cluster_assignments.tsv
    log: /vast/blangme2/jbonnie/hammock/mus-homo/results/logs/cluster/k5_w8.log
    jobid: 24
    reason: Missing output files: /vast/blangme2/jbonnie/hammock/mus-homo/results/k5_w8/dendrogram.png; Input files updated by another job: /vast/blangme2/jbonnie/hammock/mus-homo/results/k5_w8/mus_homo_mnmzr_p24_jaccD_k5_w8.csv
    wildcards: k=5, w=8
    resources: mem_mb=8000, mem_mib=7630, disk_mb=1000, disk_mib=954, tmpdir=<TBD>, slurm_partition=parallel, slurm_account=blangme2_scal, runtime=60, cpus_per_task=1

Submitted job 24 with external jobid 'Submitted batch job 24416533'.
[Thu May 14 21:08:38 2026]
Finished job 24.
38 of 41 steps (93%) done
slurmstepd: error: *** JOB 24414472 ON sr39 CANCELLED AT 2026-05-14T21:13:39 ***
