Building DAG of jobs...
Using shell: /usr/bin/bash
Provided cores: 1 (use --cores to define parallelism)
Rules claiming more threads will be scaled down.
Provided resources: mem_mb=4000, mem_mib=3815, disk_mb=5315, disk_mib=5069, cpus_per_task=1
Select jobs to execute...

[Tue May 12 17:44:10 2026]
rule peak_bed_to_fasta:
    input: /vast/blangme2/jbonnie/hammock/mus-homo/peaks/ENCSR702AVR_lung_mouse.bed.gz, /data/blangme2/jessica/mus_homo/references/mm10/mm10_no_alt_analysis_set_ENCODE.fasta
    output: /vast/blangme2/jbonnie/hammock/mus-homo/results/fastas/ENCSR702AVR_lung_mouse.fa
    log: /vast/blangme2/jbonnie/hammock/mus-homo/results/logs/getfasta/ENCSR702AVR_lung_mouse.log
    jobid: 0
    reason: Forced execution
    wildcards: sample=ENCSR702AVR_lung_mouse
    resources: mem_mb=4000, mem_mib=3815, disk_mb=5315, disk_mib=5069, tmpdir=/tmp, slurm_partition=parallel, slurm_account=blangme2_scal, runtime=30, cpus_per_task=1


        mkdir -p "$(dirname /vast/blangme2/jbonnie/hammock/mus-homo/results/fastas/ENCSR702AVR_lung_mouse.fa)" "$(dirname /vast/blangme2/jbonnie/hammock/mus-homo/results/logs/getfasta/ENCSR702AVR_lung_mouse.log)"
        # ENCODE bed.gz is narrowPeak-formatted (10-column); first 3 cols are BED3.
        # Strip to BED3 to be safe (avoids issues with float columns).
        zcat /vast/blangme2/jbonnie/hammock/mus-homo/peaks/ENCSR702AVR_lung_mouse.bed.gz | awk -v OFS='\t' '{print $1, $2, $3}'             | bedtools getfasta -fi /data/blangme2/jessica/mus_homo/references/mm10/mm10_no_alt_analysis_set_ENCODE.fasta -bed /dev/stdin -fo /vast/blangme2/jbonnie/hammock/mus-homo/results/fastas/ENCSR702AVR_lung_mouse.fa             2>/vast/blangme2/jbonnie/hammock/mus-homo/results/logs/getfasta/ENCSR702AVR_lung_mouse.log
        
Activating environment modules: bedtools/2.30.0
[Tue May 12 17:44:17 2026]
Finished job 0.
1 of 1 steps (100%) done
